2026-03-28 08:16:02 - c.projeto.cliente.ClienteApplication - Starting ClienteApplication using Java 17.0.12 with PID 3996 (C:\Users\esped\Documents\springboot\90\cliente\target\classes started by esped in C:\Users\esped\Documents\springboot\90\cliente)
2026-03-28 08:16:02 - c.projeto.cliente.ClienteApplication - Running with Spring Boot v3.4.5, Spring v6.2.6
2026-03-28 08:16:02 - c.projeto.cliente.ClienteApplication - No active profile set, falling back to 1 default profile: "default"
2026-03-28 08:16:04 - org.hibernate.orm.deprecation - HHH90000025: PostgreSQLDialect does not need to be specified explicitly using 'hibernate.dialect' (remove the property setting and it will be selected by default)
2026-03-28 08:16:06 - c.projeto.cliente.ClienteApplication - Started ClienteApplication in 4.611 seconds (process running for 4.988)
2026-03-28 08:19:36 - c.p.cliente.service.ClienteService - Consultando cliente por id: 19
2026-03-28 08:19:36 - org.hibernate.SQL - 
    select
        c1_0.id,
        c1_0.atualizado_em,
        c1_0.cpf,
        c1_0.criado_em,
        c1_0.data_nascimento,
        c1_0.email,
        c1_0.nome,
        c1_0.telefone 
    from
        public.clientes c1_0 
    where
        c1_0.id=?
2026-03-28 08:19:37 - c.p.cliente.service.ClienteService - Cliente encontrado: j3@gmail.com
2026-03-28 08:19:43 - c.p.cliente.service.ClienteService - >>>>>>>>>> Listando todos os clientes cadastrados
2026-03-28 08:19:43 - org.hibernate.SQL - 
    select
        c1_0.id,
        c1_0.atualizado_em,
        c1_0.cpf,
        c1_0.criado_em,
        c1_0.data_nascimento,
        c1_0.email,
        c1_0.nome,
        c1_0.telefone 
    from
        public.clientes c1_0
2026-03-28 08:20:22 - c.projeto.cliente.ClienteApplication - Starting ClienteApplication using Java 17.0.12 with PID 3792 (C:\Users\esped\Documents\springboot\90\cliente\target\classes started by esped in C:\Users\esped\Documents\springboot\90\cliente)
2026-03-28 08:20:22 - c.projeto.cliente.ClienteApplication - Running with Spring Boot v3.4.5, Spring v6.2.6
2026-03-28 08:20:22 - c.projeto.cliente.ClienteApplication - No active profile set, falling back to 1 default profile: "default"
2026-03-28 08:20:24 - org.hibernate.orm.deprecation - HHH90000025: PostgreSQLDialect does not need to be specified explicitly using 'hibernate.dialect' (remove the property setting and it will be selected by default)
2026-03-28 08:20:25 - c.projeto.cliente.ClienteApplication - Started ClienteApplication in 4.146 seconds (process running for 4.539)
2026-03-28 08:20:37 - c.p.cliente.service.ClienteService - >>>>>>>>>> Listando todos os clientes cadastrados
2026-03-28 08:20:37 - org.hibernate.SQL - 
    select
        c1_0.id,
        c1_0.atualizado_em,
        c1_0.cpf,
        c1_0.criado_em,
        c1_0.data_nascimento,
        c1_0.email,
        c1_0.nome,
        c1_0.telefone 
    from
        public.clientes c1_0
